10-Jun-2026 00:06:56.288 정보 [main] org.apache.catalina.startup.VersionLoggerListener.log 서버 버전 이름:    Apache Tomcat/9.0.118
10-Jun-2026 00:06:56.293 정보 [main] org.apache.catalina.startup.VersionLoggerListener.log Server 빌드 시각:  May 1 2026 19:30:30 UTC
10-Jun-2026 00:06:56.293 정보 [main] org.apache.catalina.startup.VersionLoggerListener.log Server 버전 번호:  9.0.118.0
10-Jun-2026 00:06:56.293 정보 [main] org.apache.catalina.startup.VersionLoggerListener.log 운영체제 이름:     Windows 11
10-Jun-2026 00:06:56.293 정보 [main] org.apache.catalina.startup.VersionLoggerListener.log 운영체제 버전:     10.0
10-Jun-2026 00:06:56.293 정보 [main] org.apache.catalina.startup.VersionLoggerListener.log 아키텍처:          amd64
10-Jun-2026 00:06:56.293 정보 [main] org.apache.catalina.startup.VersionLoggerListener.log 자바 홈:           C:\Users\User\.jdks\corretto-1.8.0_492\jre
10-Jun-2026 00:06:56.293 정보 [main] org.apache.catalina.startup.VersionLoggerListener.log JVM 버전:          1.8.0_492-b09
10-Jun-2026 00:06:56.293 정보 [main] org.apache.catalina.startup.VersionLoggerListener.log JVM 벤더:          Amazon.com Inc.
10-Jun-2026 00:06:56.293 정보 [main] org.apache.catalina.startup.VersionLoggerListener.log CATALINA_BASE:     C:\dev\workspace\java_crud
10-Jun-2026 00:06:56.293 정보 [main] org.apache.catalina.startup.VersionLoggerListener.log CATALINA_HOME:     C:\apache-tomcat-9.0.118
10-Jun-2026 00:06:56.294 정보 [main] org.apache.catalina.startup.VersionLoggerListener.log 명령 행 아규먼트:  -Dcatalina.home=C:\apache-tomcat-9.0.118
10-Jun-2026 00:06:56.294 정보 [main] org.apache.catalina.startup.VersionLoggerListener.log 명령 행 아규먼트:  -Dcatalina.base=C:\dev\workspace\java_crud
10-Jun-2026 00:06:56.294 정보 [main] org.apache.catalina.startup.VersionLoggerListener.log 명령 행 아규먼트:  -Djava.io.tmpdir=C:\dev\workspace\java_crud\temp
10-Jun-2026 00:06:56.294 정보 [main] org.apache.catalina.startup.VersionLoggerListener.log 명령 행 아규먼트:  -Djava.util.logging.config.file=C:\dev\workspace\java_crud\conf\logging.properties
10-Jun-2026 00:06:56.294 정보 [main] org.apache.catalina.startup.VersionLoggerListener.log 명령 행 아규먼트:  -Djava.util.logging.manager=org.apache.juli.ClassLoaderLogManager
10-Jun-2026 00:06:56.294 정보 [main] org.apache.catalina.startup.VersionLoggerListener.log 명령 행 아규먼트:  -javaagent:C:\Program Files\JetBrains\IntelliJ IDEA 2025.3.2\lib\idea_rt.jar=65203
10-Jun-2026 00:06:56.294 정보 [main] org.apache.catalina.startup.VersionLoggerListener.log 명령 행 아규먼트:  -Dfile.encoding=UTF-8
10-Jun-2026 00:06:56.300 정보 [main] org.apache.catalina.core.AprLifecycleListener.lifecycleEvent APR 버전 [1.7.6]을(를) 사용한, APR 기반 Apache Tomcat Native 라이브러리 [1.3.7]을(를) 로드했습니다.
10-Jun-2026 00:06:56.301 정보 [main] org.apache.catalina.core.AprLifecycleListener.lifecycleEvent APR 용량정보들: IPv6 [true], sendfile [true], accept filters [false], random [true], UDS [true].
10-Jun-2026 00:06:56.301 정보 [main] org.apache.catalina.core.AprLifecycleListener.lifecycleEvent APR/OpenSSL 설정: useAprConnector [false], useOpenSSL [true]
10-Jun-2026 00:06:56.314 정보 [main] org.apache.catalina.core.AprLifecycleListener.initializeSSL OpenSSL이 성공적으로 초기화되었습니다: [OpenSSL 3.0.19 27 Jan 2026]
10-Jun-2026 00:06:56.528 정보 [main] org.apache.coyote.AbstractProtocol.init 프로토콜 핸들러 ["http-nio-8080"]을(를) 초기화합니다.
10-Jun-2026 00:06:56.541 정보 [main] org.apache.catalina.startup.Catalina.load [395] 밀리초 내에 서버가 초기화되었습니다.
10-Jun-2026 00:06:56.567 정보 [main] org.apache.catalina.core.StandardService.startInternal 서비스 [Catalina]을(를) 시작합니다.
10-Jun-2026 00:06:56.568 정보 [main] org.apache.catalina.core.StandardEngine.startInternal 서버 엔진을 시작합니다: [Apache Tomcat/9.0.118]
10-Jun-2026 00:06:56.574 정보 [main] org.apache.catalina.startup.HostConfig.deployDescriptor 배치 descriptor [C:\dev\workspace\java_crud\conf\Catalina\localhost\ROOT.xml]을(를) 배치합니다.
10-Jun-2026 00:06:56.605 경고 [main] org.apache.catalina.webresources.DirResourceSet.initInternal Disabled the global canonical file name cache to protect against CVE-2024-56337 when starting the WebResourceSet at [C:\dev\workspace\java_crud\target\classes] which is part of the web application []
10-Jun-2026 00:06:57.521 정보 [main] org.apache.jasper.servlet.TldScanner.scanJars 적어도 하나의 JAR가 TLD들을 찾기 위해 스캔되었으나 아무 것도 찾지 못했습니다. 스캔했으나 TLD가 없는 JAR들의 전체 목록을 보시려면, 로그 레벨을 디버그 레벨로 설정하십시오. 스캔 과정에서 불필요한 JAR들을 건너뛰면, 시스템 시작 시간과 JSP 컴파일 시간을 단축시킬 수 있습니다.
10-Jun-2026 00:06:58.411 정보 [main] org.apache.catalina.startup.HostConfig.deployDescriptor 배치 descriptor [C:\dev\workspace\java_crud\conf\Catalina\localhost\ROOT.xml]의 배치가 [1,836] 밀리초 내에 완료되었습니다.
10-Jun-2026 00:06:58.414 정보 [main] org.apache.coyote.AbstractProtocol.start 프로토콜 핸들러 ["http-nio-8080"]을(를) 시작합니다.
10-Jun-2026 00:06:58.423 정보 [main] org.apache.catalina.startup.Catalina.start 서버가 [1881] 밀리초 내에 시작되었습니다.
10-Jun-2026 00:07:15.258 정보 [Thread-2] org.apache.coyote.AbstractProtocol.pause 프로토콜 핸들러 ["http-nio-8080"]을(를) 일시 정지 중
10-Jun-2026 00:07:15.308 정보 [Thread-2] org.apache.catalina.core.StandardService.stopInternal 서비스 [Catalina]을(를) 중지시킵니다.
10-Jun-2026 00:07:15.315 경고 [Thread-2] org.apache.catalina.loader.WebappClassLoaderBase.clearReferencesJdbc 웹 애플리케이션 [ROOT]이(가) JDBC 드라이버 [org.mariadb.jdbc.Driver]을(를) 등록했지만, 웹 애플리케이션이 중지될 때, 해당 JDBC 드라이버의 등록을 제거하지 못했습니다. 메모리 누수를 방지하기 위하여, 등록을 강제로 제거했습니다.
10-Jun-2026 00:07:15.317 정보 [Thread-2] org.apache.coyote.AbstractProtocol.stop 프로토콜 핸들러 ["http-nio-8080"]을(를) 중지시킵니다.
10-Jun-2026 00:07:15.320 정보 [Thread-2] org.apache.coyote.AbstractProtocol.destroy 프로토콜 핸들러 ["http-nio-8080"]을(를) 소멸시킵니다.
10-Jun-2026 00:07:17.293 정보 [main] org.apache.catalina.startup.VersionLoggerListener.log 서버 버전 이름:    Apache Tomcat/9.0.118
10-Jun-2026 00:07:17.296 정보 [main] org.apache.catalina.startup.VersionLoggerListener.log Server 빌드 시각:  May 1 2026 19:30:30 UTC
10-Jun-2026 00:07:17.296 정보 [main] org.apache.catalina.startup.VersionLoggerListener.log Server 버전 번호:  9.0.118.0
10-Jun-2026 00:07:17.296 정보 [main] org.apache.catalina.startup.VersionLoggerListener.log 운영체제 이름:     Windows 11
10-Jun-2026 00:07:17.296 정보 [main] org.apache.catalina.startup.VersionLoggerListener.log 운영체제 버전:     10.0
10-Jun-2026 00:07:17.296 정보 [main] org.apache.catalina.startup.VersionLoggerListener.log 아키텍처:          amd64
10-Jun-2026 00:07:17.296 정보 [main] org.apache.catalina.startup.VersionLoggerListener.log 자바 홈:           C:\Users\User\.jdks\corretto-1.8.0_492\jre
10-Jun-2026 00:07:17.296 정보 [main] org.apache.catalina.startup.VersionLoggerListener.log JVM 버전:          1.8.0_492-b09
10-Jun-2026 00:07:17.296 정보 [main] org.apache.catalina.startup.VersionLoggerListener.log JVM 벤더:          Amazon.com Inc.
10-Jun-2026 00:07:17.296 정보 [main] org.apache.catalina.startup.VersionLoggerListener.log CATALINA_BASE:     C:\dev\workspace\java_crud
10-Jun-2026 00:07:17.296 정보 [main] org.apache.catalina.startup.VersionLoggerListener.log CATALINA_HOME:     C:\apache-tomcat-9.0.118
10-Jun-2026 00:07:17.297 정보 [main] org.apache.catalina.startup.VersionLoggerListener.log 명령 행 아규먼트:  -Dcatalina.home=C:\apache-tomcat-9.0.118
10-Jun-2026 00:07:17.297 정보 [main] org.apache.catalina.startup.VersionLoggerListener.log 명령 행 아규먼트:  -Dcatalina.base=C:\dev\workspace\java_crud
10-Jun-2026 00:07:17.297 정보 [main] org.apache.catalina.startup.VersionLoggerListener.log 명령 행 아규먼트:  -Djava.io.tmpdir=C:\dev\workspace\java_crud\temp
10-Jun-2026 00:07:17.297 정보 [main] org.apache.catalina.startup.VersionLoggerListener.log 명령 행 아규먼트:  -Djava.util.logging.config.file=C:\dev\workspace\java_crud\conf\logging.properties
10-Jun-2026 00:07:17.297 정보 [main] org.apache.catalina.startup.VersionLoggerListener.log 명령 행 아규먼트:  -Djava.util.logging.manager=org.apache.juli.ClassLoaderLogManager
10-Jun-2026 00:07:17.297 정보 [main] org.apache.catalina.startup.VersionLoggerListener.log 명령 행 아규먼트:  -javaagent:C:\Program Files\JetBrains\IntelliJ IDEA 2025.3.2\lib\idea_rt.jar=55754
10-Jun-2026 00:07:17.297 정보 [main] org.apache.catalina.startup.VersionLoggerListener.log 명령 행 아규먼트:  -Dfile.encoding=UTF-8
10-Jun-2026 00:07:17.302 정보 [main] org.apache.catalina.core.AprLifecycleListener.lifecycleEvent APR 버전 [1.7.6]을(를) 사용한, APR 기반 Apache Tomcat Native 라이브러리 [1.3.7]을(를) 로드했습니다.
10-Jun-2026 00:07:17.302 정보 [main] org.apache.catalina.core.AprLifecycleListener.lifecycleEvent APR 용량정보들: IPv6 [true], sendfile [true], accept filters [false], random [true], UDS [true].
10-Jun-2026 00:07:17.302 정보 [main] org.apache.catalina.core.AprLifecycleListener.lifecycleEvent APR/OpenSSL 설정: useAprConnector [false], useOpenSSL [true]
10-Jun-2026 00:07:17.307 정보 [main] org.apache.catalina.core.AprLifecycleListener.initializeSSL OpenSSL이 성공적으로 초기화되었습니다: [OpenSSL 3.0.19 27 Jan 2026]
10-Jun-2026 00:07:17.444 정보 [main] org.apache.coyote.AbstractProtocol.init 프로토콜 핸들러 ["http-nio-8080"]을(를) 초기화합니다.
10-Jun-2026 00:07:17.453 정보 [main] org.apache.catalina.startup.Catalina.load [261] 밀리초 내에 서버가 초기화되었습니다.
10-Jun-2026 00:07:17.473 정보 [main] org.apache.catalina.core.StandardService.startInternal 서비스 [Catalina]을(를) 시작합니다.
10-Jun-2026 00:07:17.474 정보 [main] org.apache.catalina.core.StandardEngine.startInternal 서버 엔진을 시작합니다: [Apache Tomcat/9.0.118]
10-Jun-2026 00:07:17.479 정보 [main] org.apache.catalina.startup.HostConfig.deployDescriptor 배치 descriptor [C:\dev\workspace\java_crud\conf\Catalina\localhost\ROOT.xml]을(를) 배치합니다.
10-Jun-2026 00:07:17.510 경고 [main] org.apache.catalina.webresources.DirResourceSet.initInternal Disabled the global canonical file name cache to protect against CVE-2024-56337 when starting the WebResourceSet at [C:\dev\workspace\java_crud\target\classes] which is part of the web application []
10-Jun-2026 00:07:18.505 정보 [main] org.apache.jasper.servlet.TldScanner.scanJars 적어도 하나의 JAR가 TLD들을 찾기 위해 스캔되었으나 아무 것도 찾지 못했습니다. 스캔했으나 TLD가 없는 JAR들의 전체 목록을 보시려면, 로그 레벨을 디버그 레벨로 설정하십시오. 스캔 과정에서 불필요한 JAR들을 건너뛰면, 시스템 시작 시간과 JSP 컴파일 시간을 단축시킬 수 있습니다.
10-Jun-2026 00:07:19.486 정보 [main] org.apache.catalina.startup.HostConfig.deployDescriptor 배치 descriptor [C:\dev\workspace\java_crud\conf\Catalina\localhost\ROOT.xml]의 배치가 [2,006] 밀리초 내에 완료되었습니다.
10-Jun-2026 00:07:19.489 정보 [main] org.apache.coyote.AbstractProtocol.start 프로토콜 핸들러 ["http-nio-8080"]을(를) 시작합니다.
10-Jun-2026 00:07:19.497 정보 [main] org.apache.catalina.startup.Catalina.start 서버가 [2044] 밀리초 내에 시작되었습니다.
10-Jun-2026 00:08:59.586 정보 [Thread-2] org.apache.coyote.AbstractProtocol.pause 프로토콜 핸들러 ["http-nio-8080"]을(를) 일시 정지 중
10-Jun-2026 00:08:59.631 정보 [Thread-2] org.apache.catalina.core.StandardService.stopInternal 서비스 [Catalina]을(를) 중지시킵니다.
10-Jun-2026 00:08:59.636 경고 [Thread-2] org.apache.catalina.loader.WebappClassLoaderBase.clearReferencesJdbc 웹 애플리케이션 [ROOT]이(가) JDBC 드라이버 [org.mariadb.jdbc.Driver]을(를) 등록했지만, 웹 애플리케이션이 중지될 때, 해당 JDBC 드라이버의 등록을 제거하지 못했습니다. 메모리 누수를 방지하기 위하여, 등록을 강제로 제거했습니다.
10-Jun-2026 00:08:59.638 정보 [Thread-2] org.apache.coyote.AbstractProtocol.stop 프로토콜 핸들러 ["http-nio-8080"]을(를) 중지시킵니다.
10-Jun-2026 00:08:59.642 정보 [Thread-2] org.apache.coyote.AbstractProtocol.destroy 프로토콜 핸들러 ["http-nio-8080"]을(를) 소멸시킵니다.
10-Jun-2026 00:09:03.434 정보 [main] org.apache.catalina.startup.VersionLoggerListener.log 서버 버전 이름:    Apache Tomcat/9.0.118
10-Jun-2026 00:09:03.436 정보 [main] org.apache.catalina.startup.VersionLoggerListener.log Server 빌드 시각:  May 1 2026 19:30:30 UTC
10-Jun-2026 00:09:03.436 정보 [main] org.apache.catalina.startup.VersionLoggerListener.log Server 버전 번호:  9.0.118.0
10-Jun-2026 00:09:03.436 정보 [main] org.apache.catalina.startup.VersionLoggerListener.log 운영체제 이름:     Windows 11
10-Jun-2026 00:09:03.437 정보 [main] org.apache.catalina.startup.VersionLoggerListener.log 운영체제 버전:     10.0
10-Jun-2026 00:09:03.437 정보 [main] org.apache.catalina.startup.VersionLoggerListener.log 아키텍처:          amd64
10-Jun-2026 00:09:03.437 정보 [main] org.apache.catalina.startup.VersionLoggerListener.log 자바 홈:           C:\Users\User\.jdks\corretto-1.8.0_492\jre
10-Jun-2026 00:09:03.437 정보 [main] org.apache.catalina.startup.VersionLoggerListener.log JVM 버전:          1.8.0_492-b09
10-Jun-2026 00:09:03.437 정보 [main] org.apache.catalina.startup.VersionLoggerListener.log JVM 벤더:          Amazon.com Inc.
10-Jun-2026 00:09:03.437 정보 [main] org.apache.catalina.startup.VersionLoggerListener.log CATALINA_BASE:     C:\dev\workspace\java_crud
10-Jun-2026 00:09:03.437 정보 [main] org.apache.catalina.startup.VersionLoggerListener.log CATALINA_HOME:     C:\apache-tomcat-9.0.118
10-Jun-2026 00:09:03.438 정보 [main] org.apache.catalina.startup.VersionLoggerListener.log 명령 행 아규먼트:  -Dcatalina.home=C:\apache-tomcat-9.0.118
10-Jun-2026 00:09:03.438 정보 [main] org.apache.catalina.startup.VersionLoggerListener.log 명령 행 아규먼트:  -Dcatalina.base=C:\dev\workspace\java_crud
10-Jun-2026 00:09:03.438 정보 [main] org.apache.catalina.startup.VersionLoggerListener.log 명령 행 아규먼트:  -Djava.io.tmpdir=C:\dev\workspace\java_crud\temp
10-Jun-2026 00:09:03.438 정보 [main] org.apache.catalina.startup.VersionLoggerListener.log 명령 행 아규먼트:  -Djava.util.logging.config.file=C:\dev\workspace\java_crud\conf\logging.properties
10-Jun-2026 00:09:03.438 정보 [main] org.apache.catalina.startup.VersionLoggerListener.log 명령 행 아규먼트:  -Djava.util.logging.manager=org.apache.juli.ClassLoaderLogManager
10-Jun-2026 00:09:03.438 정보 [main] org.apache.catalina.startup.VersionLoggerListener.log 명령 행 아규먼트:  -javaagent:C:\Program Files\JetBrains\IntelliJ IDEA 2025.3.2\lib\idea_rt.jar=64176
10-Jun-2026 00:09:03.438 정보 [main] org.apache.catalina.startup.VersionLoggerListener.log 명령 행 아규먼트:  -Dfile.encoding=UTF-8
10-Jun-2026 00:09:03.441 정보 [main] org.apache.catalina.core.AprLifecycleListener.lifecycleEvent APR 버전 [1.7.6]을(를) 사용한, APR 기반 Apache Tomcat Native 라이브러리 [1.3.7]을(를) 로드했습니다.
10-Jun-2026 00:09:03.441 정보 [main] org.apache.catalina.core.AprLifecycleListener.lifecycleEvent APR 용량정보들: IPv6 [true], sendfile [true], accept filters [false], random [true], UDS [true].
10-Jun-2026 00:09:03.441 정보 [main] org.apache.catalina.core.AprLifecycleListener.lifecycleEvent APR/OpenSSL 설정: useAprConnector [false], useOpenSSL [true]
10-Jun-2026 00:09:03.446 정보 [main] org.apache.catalina.core.AprLifecycleListener.initializeSSL OpenSSL이 성공적으로 초기화되었습니다: [OpenSSL 3.0.19 27 Jan 2026]
10-Jun-2026 00:09:03.582 정보 [main] org.apache.coyote.AbstractProtocol.init 프로토콜 핸들러 ["http-nio-8080"]을(를) 초기화합니다.
10-Jun-2026 00:09:03.591 정보 [main] org.apache.catalina.startup.Catalina.load [258] 밀리초 내에 서버가 초기화되었습니다.
10-Jun-2026 00:09:03.609 정보 [main] org.apache.catalina.core.StandardService.startInternal 서비스 [Catalina]을(를) 시작합니다.
10-Jun-2026 00:09:03.609 정보 [main] org.apache.catalina.core.StandardEngine.startInternal 서버 엔진을 시작합니다: [Apache Tomcat/9.0.118]
10-Jun-2026 00:09:03.614 정보 [main] org.apache.catalina.startup.HostConfig.deployDescriptor 배치 descriptor [C:\dev\workspace\java_crud\conf\Catalina\localhost\ROOT.xml]을(를) 배치합니다.
10-Jun-2026 00:09:03.641 경고 [main] org.apache.catalina.webresources.DirResourceSet.initInternal Disabled the global canonical file name cache to protect against CVE-2024-56337 when starting the WebResourceSet at [C:\dev\workspace\java_crud\target\classes] which is part of the web application []
10-Jun-2026 00:09:04.525 정보 [main] org.apache.jasper.servlet.TldScanner.scanJars 적어도 하나의 JAR가 TLD들을 찾기 위해 스캔되었으나 아무 것도 찾지 못했습니다. 스캔했으나 TLD가 없는 JAR들의 전체 목록을 보시려면, 로그 레벨을 디버그 레벨로 설정하십시오. 스캔 과정에서 불필요한 JAR들을 건너뛰면, 시스템 시작 시간과 JSP 컴파일 시간을 단축시킬 수 있습니다.
10-Jun-2026 00:09:05.375 정보 [main] org.apache.catalina.startup.HostConfig.deployDescriptor 배치 descriptor [C:\dev\workspace\java_crud\conf\Catalina\localhost\ROOT.xml]의 배치가 [1,760] 밀리초 내에 완료되었습니다.
10-Jun-2026 00:09:05.377 정보 [main] org.apache.coyote.AbstractProtocol.start 프로토콜 핸들러 ["http-nio-8080"]을(를) 시작합니다.
10-Jun-2026 00:09:05.385 정보 [main] org.apache.catalina.startup.Catalina.start 서버가 [1793] 밀리초 내에 시작되었습니다.
10-Jun-2026 01:03:43.573 정보 [Thread-2] org.apache.coyote.AbstractProtocol.pause 프로토콜 핸들러 ["http-nio-8080"]을(를) 일시 정지 중
10-Jun-2026 01:03:43.630 정보 [Thread-2] org.apache.catalina.core.StandardService.stopInternal 서비스 [Catalina]을(를) 중지시킵니다.
10-Jun-2026 01:03:43.641 경고 [Thread-2] org.apache.catalina.loader.WebappClassLoaderBase.clearReferencesJdbc 웹 애플리케이션 [ROOT]이(가) JDBC 드라이버 [org.mariadb.jdbc.Driver]을(를) 등록했지만, 웹 애플리케이션이 중지될 때, 해당 JDBC 드라이버의 등록을 제거하지 못했습니다. 메모리 누수를 방지하기 위하여, 등록을 강제로 제거했습니다.
10-Jun-2026 01:03:43.655 정보 [Thread-2] org.apache.coyote.AbstractProtocol.stop 프로토콜 핸들러 ["http-nio-8080"]을(를) 중지시킵니다.
10-Jun-2026 01:03:43.660 정보 [Thread-2] org.apache.coyote.AbstractProtocol.destroy 프로토콜 핸들러 ["http-nio-8080"]을(를) 소멸시킵니다.
10-Jun-2026 01:04:19.076 정보 [main] org.apache.catalina.startup.VersionLoggerListener.log 서버 버전 이름:    Apache Tomcat/9.0.118
10-Jun-2026 01:04:19.078 정보 [main] org.apache.catalina.startup.VersionLoggerListener.log Server 빌드 시각:  May 1 2026 19:30:30 UTC
10-Jun-2026 01:04:19.078 정보 [main] org.apache.catalina.startup.VersionLoggerListener.log Server 버전 번호:  9.0.118.0
10-Jun-2026 01:04:19.078 정보 [main] org.apache.catalina.startup.VersionLoggerListener.log 운영체제 이름:     Windows 11
10-Jun-2026 01:04:19.078 정보 [main] org.apache.catalina.startup.VersionLoggerListener.log 운영체제 버전:     10.0
10-Jun-2026 01:04:19.079 정보 [main] org.apache.catalina.startup.VersionLoggerListener.log 아키텍처:          amd64
10-Jun-2026 01:04:19.079 정보 [main] org.apache.catalina.startup.VersionLoggerListener.log 자바 홈:           C:\Users\User\.jdks\corretto-1.8.0_492\jre
10-Jun-2026 01:04:19.079 정보 [main] org.apache.catalina.startup.VersionLoggerListener.log JVM 버전:          1.8.0_492-b09
10-Jun-2026 01:04:19.079 정보 [main] org.apache.catalina.startup.VersionLoggerListener.log JVM 벤더:          Amazon.com Inc.
10-Jun-2026 01:04:19.079 정보 [main] org.apache.catalina.startup.VersionLoggerListener.log CATALINA_BASE:     C:\dev\workspace\java_crud
10-Jun-2026 01:04:19.079 정보 [main] org.apache.catalina.startup.VersionLoggerListener.log CATALINA_HOME:     C:\apache-tomcat-9.0.118
10-Jun-2026 01:04:19.080 정보 [main] org.apache.catalina.startup.VersionLoggerListener.log 명령 행 아규먼트:  -Dcatalina.home=C:\apache-tomcat-9.0.118
10-Jun-2026 01:04:19.080 정보 [main] org.apache.catalina.startup.VersionLoggerListener.log 명령 행 아규먼트:  -Dcatalina.base=C:\dev\workspace\java_crud
10-Jun-2026 01:04:19.080 정보 [main] org.apache.catalina.startup.VersionLoggerListener.log 명령 행 아규먼트:  -Djava.io.tmpdir=C:\dev\workspace\java_crud\temp
10-Jun-2026 01:04:19.080 정보 [main] org.apache.catalina.startup.VersionLoggerListener.log 명령 행 아규먼트:  -Djava.util.logging.config.file=C:\dev\workspace\java_crud\conf\logging.properties
10-Jun-2026 01:04:19.080 정보 [main] org.apache.catalina.startup.VersionLoggerListener.log 명령 행 아규먼트:  -Djava.util.logging.manager=org.apache.juli.ClassLoaderLogManager
10-Jun-2026 01:04:19.080 정보 [main] org.apache.catalina.startup.VersionLoggerListener.log 명령 행 아규먼트:  -javaagent:C:\Program Files\JetBrains\IntelliJ IDEA 2025.3.2\lib\idea_rt.jar=53241
10-Jun-2026 01:04:19.080 정보 [main] org.apache.catalina.startup.VersionLoggerListener.log 명령 행 아규먼트:  -Dfile.encoding=UTF-8
10-Jun-2026 01:04:19.084 정보 [main] org.apache.catalina.core.AprLifecycleListener.lifecycleEvent APR 버전 [1.7.6]을(를) 사용한, APR 기반 Apache Tomcat Native 라이브러리 [1.3.7]을(를) 로드했습니다.
10-Jun-2026 01:04:19.084 정보 [main] org.apache.catalina.core.AprLifecycleListener.lifecycleEvent APR 용량정보들: IPv6 [true], sendfile [true], accept filters [false], random [true], UDS [true].
10-Jun-2026 01:04:19.084 정보 [main] org.apache.catalina.core.AprLifecycleListener.lifecycleEvent APR/OpenSSL 설정: useAprConnector [false], useOpenSSL [true]
10-Jun-2026 01:04:19.089 정보 [main] org.apache.catalina.core.AprLifecycleListener.initializeSSL OpenSSL이 성공적으로 초기화되었습니다: [OpenSSL 3.0.19 27 Jan 2026]
10-Jun-2026 01:04:19.223 정보 [main] org.apache.coyote.AbstractProtocol.init 프로토콜 핸들러 ["http-nio-8080"]을(를) 초기화합니다.
10-Jun-2026 01:04:19.231 정보 [main] org.apache.catalina.startup.Catalina.load [261] 밀리초 내에 서버가 초기화되었습니다.
10-Jun-2026 01:04:19.251 정보 [main] org.apache.catalina.core.StandardService.startInternal 서비스 [Catalina]을(를) 시작합니다.
10-Jun-2026 01:04:19.251 정보 [main] org.apache.catalina.core.StandardEngine.startInternal 서버 엔진을 시작합니다: [Apache Tomcat/9.0.118]
10-Jun-2026 01:04:19.256 정보 [main] org.apache.catalina.startup.HostConfig.deployDescriptor 배치 descriptor [C:\dev\workspace\java_crud\conf\Catalina\localhost\ROOT.xml]을(를) 배치합니다.
10-Jun-2026 01:04:19.284 경고 [main] org.apache.catalina.webresources.DirResourceSet.initInternal Disabled the global canonical file name cache to protect against CVE-2024-56337 when starting the WebResourceSet at [C:\dev\workspace\java_crud\target\classes] which is part of the web application []
10-Jun-2026 01:04:20.302 정보 [main] org.apache.jasper.servlet.TldScanner.scanJars 적어도 하나의 JAR가 TLD들을 찾기 위해 스캔되었으나 아무 것도 찾지 못했습니다. 스캔했으나 TLD가 없는 JAR들의 전체 목록을 보시려면, 로그 레벨을 디버그 레벨로 설정하십시오. 스캔 과정에서 불필요한 JAR들을 건너뛰면, 시스템 시작 시간과 JSP 컴파일 시간을 단축시킬 수 있습니다.
10-Jun-2026 01:04:21.285 정보 [main] org.apache.catalina.startup.HostConfig.deployDescriptor 배치 descriptor [C:\dev\workspace\java_crud\conf\Catalina\localhost\ROOT.xml]의 배치가 [2,028] 밀리초 내에 완료되었습니다.
10-Jun-2026 01:04:21.288 정보 [main] org.apache.coyote.AbstractProtocol.start 프로토콜 핸들러 ["http-nio-8080"]을(를) 시작합니다.
10-Jun-2026 01:04:21.296 정보 [main] org.apache.catalina.startup.Catalina.start 서버가 [2064] 밀리초 내에 시작되었습니다.
10-Jun-2026 01:06:06.500 정보 [Thread-2] org.apache.coyote.AbstractProtocol.pause 프로토콜 핸들러 ["http-nio-8080"]을(를) 일시 정지 중
10-Jun-2026 01:06:06.549 정보 [Thread-2] org.apache.catalina.core.StandardService.stopInternal 서비스 [Catalina]을(를) 중지시킵니다.
10-Jun-2026 01:06:06.552 정보 [Thread-2] org.apache.coyote.AbstractProtocol.stop 프로토콜 핸들러 ["http-nio-8080"]을(를) 중지시킵니다.
10-Jun-2026 01:06:06.554 정보 [Thread-2] org.apache.coyote.AbstractProtocol.destroy 프로토콜 핸들러 ["http-nio-8080"]을(를) 소멸시킵니다.
10-Jun-2026 01:06:21.998 정보 [main] org.apache.catalina.startup.VersionLoggerListener.log 서버 버전 이름:    Apache Tomcat/9.0.118
10-Jun-2026 01:06:22.001 정보 [main] org.apache.catalina.startup.VersionLoggerListener.log Server 빌드 시각:  May 1 2026 19:30:30 UTC
10-Jun-2026 01:06:22.001 정보 [main] org.apache.catalina.startup.VersionLoggerListener.log Server 버전 번호:  9.0.118.0
10-Jun-2026 01:06:22.001 정보 [main] org.apache.catalina.startup.VersionLoggerListener.log 운영체제 이름:     Windows 11
10-Jun-2026 01:06:22.001 정보 [main] org.apache.catalina.startup.VersionLoggerListener.log 운영체제 버전:     10.0
10-Jun-2026 01:06:22.001 정보 [main] org.apache.catalina.startup.VersionLoggerListener.log 아키텍처:          amd64
10-Jun-2026 01:06:22.001 정보 [main] org.apache.catalina.startup.VersionLoggerListener.log 자바 홈:           C:\Users\User\.jdks\corretto-1.8.0_492\jre
10-Jun-2026 01:06:22.001 정보 [main] org.apache.catalina.startup.VersionLoggerListener.log JVM 버전:          1.8.0_492-b09
10-Jun-2026 01:06:22.001 정보 [main] org.apache.catalina.startup.VersionLoggerListener.log JVM 벤더:          Amazon.com Inc.
10-Jun-2026 01:06:22.002 정보 [main] org.apache.catalina.startup.VersionLoggerListener.log CATALINA_BASE:     C:\dev\workspace\java_crud
10-Jun-2026 01:06:22.002 정보 [main] org.apache.catalina.startup.VersionLoggerListener.log CATALINA_HOME:     C:\apache-tomcat-9.0.118
10-Jun-2026 01:06:22.003 정보 [main] org.apache.catalina.startup.VersionLoggerListener.log 명령 행 아규먼트:  -Dcatalina.home=C:\apache-tomcat-9.0.118
10-Jun-2026 01:06:22.003 정보 [main] org.apache.catalina.startup.VersionLoggerListener.log 명령 행 아규먼트:  -Dcatalina.base=C:\dev\workspace\java_crud
10-Jun-2026 01:06:22.003 정보 [main] org.apache.catalina.startup.VersionLoggerListener.log 명령 행 아규먼트:  -Djava.io.tmpdir=C:\dev\workspace\java_crud\temp
10-Jun-2026 01:06:22.003 정보 [main] org.apache.catalina.startup.VersionLoggerListener.log 명령 행 아규먼트:  -Djava.util.logging.config.file=C:\dev\workspace\java_crud\conf\logging.properties
10-Jun-2026 01:06:22.003 정보 [main] org.apache.catalina.startup.VersionLoggerListener.log 명령 행 아규먼트:  -Djava.util.logging.manager=org.apache.juli.ClassLoaderLogManager
10-Jun-2026 01:06:22.003 정보 [main] org.apache.catalina.startup.VersionLoggerListener.log 명령 행 아규먼트:  -javaagent:C:\Program Files\JetBrains\IntelliJ IDEA 2025.3.2\lib\idea_rt.jar=49538
10-Jun-2026 01:06:22.003 정보 [main] org.apache.catalina.startup.VersionLoggerListener.log 명령 행 아규먼트:  -Dfile.encoding=UTF-8
10-Jun-2026 01:06:22.006 정보 [main] org.apache.catalina.core.AprLifecycleListener.lifecycleEvent APR 버전 [1.7.6]을(를) 사용한, APR 기반 Apache Tomcat Native 라이브러리 [1.3.7]을(를) 로드했습니다.
10-Jun-2026 01:06:22.006 정보 [main] org.apache.catalina.core.AprLifecycleListener.lifecycleEvent APR 용량정보들: IPv6 [true], sendfile [true], accept filters [false], random [true], UDS [true].
10-Jun-2026 01:06:22.006 정보 [main] org.apache.catalina.core.AprLifecycleListener.lifecycleEvent APR/OpenSSL 설정: useAprConnector [false], useOpenSSL [true]
10-Jun-2026 01:06:22.011 정보 [main] org.apache.catalina.core.AprLifecycleListener.initializeSSL OpenSSL이 성공적으로 초기화되었습니다: [OpenSSL 3.0.19 27 Jan 2026]
10-Jun-2026 01:06:22.143 정보 [main] org.apache.coyote.AbstractProtocol.init 프로토콜 핸들러 ["http-nio-8080"]을(를) 초기화합니다.
10-Jun-2026 01:06:22.152 정보 [main] org.apache.catalina.startup.Catalina.load [253] 밀리초 내에 서버가 초기화되었습니다.
10-Jun-2026 01:06:22.170 정보 [main] org.apache.catalina.core.StandardService.startInternal 서비스 [Catalina]을(를) 시작합니다.
10-Jun-2026 01:06:22.170 정보 [main] org.apache.catalina.core.StandardEngine.startInternal 서버 엔진을 시작합니다: [Apache Tomcat/9.0.118]
10-Jun-2026 01:06:22.176 정보 [main] org.apache.catalina.startup.HostConfig.deployDescriptor 배치 descriptor [C:\dev\workspace\java_crud\conf\Catalina\localhost\ROOT.xml]을(를) 배치합니다.
10-Jun-2026 01:06:22.202 경고 [main] org.apache.catalina.webresources.DirResourceSet.initInternal Disabled the global canonical file name cache to protect against CVE-2024-56337 when starting the WebResourceSet at [C:\dev\workspace\java_crud\target\classes] which is part of the web application []
10-Jun-2026 01:06:23.205 정보 [main] org.apache.jasper.servlet.TldScanner.scanJars 적어도 하나의 JAR가 TLD들을 찾기 위해 스캔되었으나 아무 것도 찾지 못했습니다. 스캔했으나 TLD가 없는 JAR들의 전체 목록을 보시려면, 로그 레벨을 디버그 레벨로 설정하십시오. 스캔 과정에서 불필요한 JAR들을 건너뛰면, 시스템 시작 시간과 JSP 컴파일 시간을 단축시킬 수 있습니다.
10-Jun-2026 01:06:24.412 정보 [main] org.apache.catalina.startup.HostConfig.deployDescriptor 배치 descriptor [C:\dev\workspace\java_crud\conf\Catalina\localhost\ROOT.xml]의 배치가 [2,235] 밀리초 내에 완료되었습니다.
10-Jun-2026 01:06:24.414 정보 [main] org.apache.coyote.AbstractProtocol.start 프로토콜 핸들러 ["http-nio-8080"]을(를) 시작합니다.
10-Jun-2026 01:06:24.423 정보 [main] org.apache.catalina.startup.Catalina.start 서버가 [2271] 밀리초 내에 시작되었습니다.
10-Jun-2026 01:09:01.502 정보 [Thread-2] org.apache.coyote.AbstractProtocol.pause 프로토콜 핸들러 ["http-nio-8080"]을(를) 일시 정지 중
10-Jun-2026 01:09:01.547 정보 [Thread-2] org.apache.catalina.core.StandardService.stopInternal 서비스 [Catalina]을(를) 중지시킵니다.
10-Jun-2026 01:09:01.560 경고 [Thread-2] org.apache.catalina.loader.WebappClassLoaderBase.clearReferencesJdbc 웹 애플리케이션 [ROOT]이(가) JDBC 드라이버 [org.mariadb.jdbc.Driver]을(를) 등록했지만, 웹 애플리케이션이 중지될 때, 해당 JDBC 드라이버의 등록을 제거하지 못했습니다. 메모리 누수를 방지하기 위하여, 등록을 강제로 제거했습니다.
10-Jun-2026 01:09:01.563 정보 [Thread-2] org.apache.coyote.AbstractProtocol.stop 프로토콜 핸들러 ["http-nio-8080"]을(를) 중지시킵니다.
10-Jun-2026 01:09:01.578 정보 [Thread-2] org.apache.coyote.AbstractProtocol.destroy 프로토콜 핸들러 ["http-nio-8080"]을(를) 소멸시킵니다.
10-Jun-2026 01:09:04.603 정보 [main] org.apache.catalina.startup.VersionLoggerListener.log 서버 버전 이름:    Apache Tomcat/9.0.118
10-Jun-2026 01:09:04.606 정보 [main] org.apache.catalina.startup.VersionLoggerListener.log Server 빌드 시각:  May 1 2026 19:30:30 UTC
10-Jun-2026 01:09:04.606 정보 [main] org.apache.catalina.startup.VersionLoggerListener.log Server 버전 번호:  9.0.118.0
10-Jun-2026 01:09:04.606 정보 [main] org.apache.catalina.startup.VersionLoggerListener.log 운영체제 이름:     Windows 11
10-Jun-2026 01:09:04.606 정보 [main] org.apache.catalina.startup.VersionLoggerListener.log 운영체제 버전:     10.0
10-Jun-2026 01:09:04.606 정보 [main] org.apache.catalina.startup.VersionLoggerListener.log 아키텍처:          amd64
10-Jun-2026 01:09:04.606 정보 [main] org.apache.catalina.startup.VersionLoggerListener.log 자바 홈:           C:\Users\User\.jdks\corretto-1.8.0_492\jre
10-Jun-2026 01:09:04.606 정보 [main] org.apache.catalina.startup.VersionLoggerListener.log JVM 버전:          1.8.0_492-b09
10-Jun-2026 01:09:04.606 정보 [main] org.apache.catalina.startup.VersionLoggerListener.log JVM 벤더:          Amazon.com Inc.
10-Jun-2026 01:09:04.606 정보 [main] org.apache.catalina.startup.VersionLoggerListener.log CATALINA_BASE:     C:\dev\workspace\java_crud
10-Jun-2026 01:09:04.606 정보 [main] org.apache.catalina.startup.VersionLoggerListener.log CATALINA_HOME:     C:\apache-tomcat-9.0.118
10-Jun-2026 01:09:04.607 정보 [main] org.apache.catalina.startup.VersionLoggerListener.log 명령 행 아규먼트:  -Dcatalina.home=C:\apache-tomcat-9.0.118
10-Jun-2026 01:09:04.607 정보 [main] org.apache.catalina.startup.VersionLoggerListener.log 명령 행 아규먼트:  -Dcatalina.base=C:\dev\workspace\java_crud
10-Jun-2026 01:09:04.607 정보 [main] org.apache.catalina.startup.VersionLoggerListener.log 명령 행 아규먼트:  -Djava.io.tmpdir=C:\dev\workspace\java_crud\temp
10-Jun-2026 01:09:04.607 정보 [main] org.apache.catalina.startup.VersionLoggerListener.log 명령 행 아규먼트:  -Djava.util.logging.config.file=C:\dev\workspace\java_crud\conf\logging.properties
10-Jun-2026 01:09:04.608 정보 [main] org.apache.catalina.startup.VersionLoggerListener.log 명령 행 아규먼트:  -Djava.util.logging.manager=org.apache.juli.ClassLoaderLogManager
10-Jun-2026 01:09:04.608 정보 [main] org.apache.catalina.startup.VersionLoggerListener.log 명령 행 아규먼트:  -javaagent:C:\Program Files\JetBrains\IntelliJ IDEA 2025.3.2\lib\idea_rt.jar=61537
10-Jun-2026 01:09:04.608 정보 [main] org.apache.catalina.startup.VersionLoggerListener.log 명령 행 아규먼트:  -Dfile.encoding=UTF-8
10-Jun-2026 01:09:04.610 정보 [main] org.apache.catalina.core.AprLifecycleListener.lifecycleEvent APR 버전 [1.7.6]을(를) 사용한, APR 기반 Apache Tomcat Native 라이브러리 [1.3.7]을(를) 로드했습니다.
10-Jun-2026 01:09:04.610 정보 [main] org.apache.catalina.core.AprLifecycleListener.lifecycleEvent APR 용량정보들: IPv6 [true], sendfile [true], accept filters [false], random [true], UDS [true].
10-Jun-2026 01:09:04.610 정보 [main] org.apache.catalina.core.AprLifecycleListener.lifecycleEvent APR/OpenSSL 설정: useAprConnector [false], useOpenSSL [true]
10-Jun-2026 01:09:04.615 정보 [main] org.apache.catalina.core.AprLifecycleListener.initializeSSL OpenSSL이 성공적으로 초기화되었습니다: [OpenSSL 3.0.19 27 Jan 2026]
10-Jun-2026 01:09:04.752 정보 [main] org.apache.coyote.AbstractProtocol.init 프로토콜 핸들러 ["http-nio-8080"]을(를) 초기화합니다.
10-Jun-2026 01:09:04.761 정보 [main] org.apache.catalina.startup.Catalina.load [257] 밀리초 내에 서버가 초기화되었습니다.
10-Jun-2026 01:09:04.779 정보 [main] org.apache.catalina.core.StandardService.startInternal 서비스 [Catalina]을(를) 시작합니다.
10-Jun-2026 01:09:04.779 정보 [main] org.apache.catalina.core.StandardEngine.startInternal 서버 엔진을 시작합니다: [Apache Tomcat/9.0.118]
10-Jun-2026 01:09:04.784 정보 [main] org.apache.catalina.startup.HostConfig.deployDescriptor 배치 descriptor [C:\dev\workspace\java_crud\conf\Catalina\localhost\board#list.xml]을(를) 배치합니다.
10-Jun-2026 01:09:04.813 경고 [main] org.apache.catalina.webresources.DirResourceSet.initInternal Disabled the global canonical file name cache to protect against CVE-2024-56337 when starting the WebResourceSet at [C:\dev\workspace\java_crud\target\classes] which is part of the web application [/board/list]
10-Jun-2026 01:09:05.806 정보 [main] org.apache.jasper.servlet.TldScanner.scanJars 적어도 하나의 JAR가 TLD들을 찾기 위해 스캔되었으나 아무 것도 찾지 못했습니다. 스캔했으나 TLD가 없는 JAR들의 전체 목록을 보시려면, 로그 레벨을 디버그 레벨로 설정하십시오. 스캔 과정에서 불필요한 JAR들을 건너뛰면, 시스템 시작 시간과 JSP 컴파일 시간을 단축시킬 수 있습니다.
10-Jun-2026 01:09:07.006 정보 [main] org.apache.catalina.startup.HostConfig.deployDescriptor 배치 descriptor [C:\dev\workspace\java_crud\conf\Catalina\localhost\board#list.xml]의 배치가 [2,221] 밀리초 내에 완료되었습니다.
10-Jun-2026 01:09:07.008 정보 [main] org.apache.coyote.AbstractProtocol.start 프로토콜 핸들러 ["http-nio-8080"]을(를) 시작합니다.
10-Jun-2026 01:09:07.018 정보 [main] org.apache.catalina.startup.Catalina.start 서버가 [2257] 밀리초 내에 시작되었습니다.
10-Jun-2026 01:10:18.383 정보 [Thread-2] org.apache.coyote.AbstractProtocol.pause 프로토콜 핸들러 ["http-nio-8080"]을(를) 일시 정지 중
10-Jun-2026 01:10:18.450 정보 [Thread-2] org.apache.catalina.core.StandardService.stopInternal 서비스 [Catalina]을(를) 중지시킵니다.
10-Jun-2026 01:10:18.462 경고 [Thread-2] org.apache.catalina.loader.WebappClassLoaderBase.clearReferencesJdbc 웹 애플리케이션 [board#list]이(가) JDBC 드라이버 [org.mariadb.jdbc.Driver]을(를) 등록했지만, 웹 애플리케이션이 중지될 때, 해당 JDBC 드라이버의 등록을 제거하지 못했습니다. 메모리 누수를 방지하기 위하여, 등록을 강제로 제거했습니다.
10-Jun-2026 01:10:18.465 정보 [Thread-2] org.apache.coyote.AbstractProtocol.stop 프로토콜 핸들러 ["http-nio-8080"]을(를) 중지시킵니다.
10-Jun-2026 01:10:18.478 정보 [Thread-2] org.apache.coyote.AbstractProtocol.destroy 프로토콜 핸들러 ["http-nio-8080"]을(를) 소멸시킵니다.
10-Jun-2026 01:10:28.809 정보 [main] org.apache.catalina.startup.VersionLoggerListener.log 서버 버전 이름:    Apache Tomcat/9.0.118
10-Jun-2026 01:10:28.812 정보 [main] org.apache.catalina.startup.VersionLoggerListener.log Server 빌드 시각:  May 1 2026 19:30:30 UTC
10-Jun-2026 01:10:28.812 정보 [main] org.apache.catalina.startup.VersionLoggerListener.log Server 버전 번호:  9.0.118.0
10-Jun-2026 01:10:28.812 정보 [main] org.apache.catalina.startup.VersionLoggerListener.log 운영체제 이름:     Windows 11
10-Jun-2026 01:10:28.812 정보 [main] org.apache.catalina.startup.VersionLoggerListener.log 운영체제 버전:     10.0
10-Jun-2026 01:10:28.812 정보 [main] org.apache.catalina.startup.VersionLoggerListener.log 아키텍처:          amd64
10-Jun-2026 01:10:28.812 정보 [main] org.apache.catalina.startup.VersionLoggerListener.log 자바 홈:           C:\Users\User\.jdks\corretto-1.8.0_492\jre
10-Jun-2026 01:10:28.812 정보 [main] org.apache.catalina.startup.VersionLoggerListener.log JVM 버전:          1.8.0_492-b09
10-Jun-2026 01:10:28.812 정보 [main] org.apache.catalina.startup.VersionLoggerListener.log JVM 벤더:          Amazon.com Inc.
10-Jun-2026 01:10:28.812 정보 [main] org.apache.catalina.startup.VersionLoggerListener.log CATALINA_BASE:     C:\dev\workspace\java_crud
10-Jun-2026 01:10:28.812 정보 [main] org.apache.catalina.startup.VersionLoggerListener.log CATALINA_HOME:     C:\apache-tomcat-9.0.118
10-Jun-2026 01:10:28.813 정보 [main] org.apache.catalina.startup.VersionLoggerListener.log 명령 행 아규먼트:  -Dcatalina.home=C:\apache-tomcat-9.0.118
10-Jun-2026 01:10:28.813 정보 [main] org.apache.catalina.startup.VersionLoggerListener.log 명령 행 아규먼트:  -Dcatalina.base=C:\dev\workspace\java_crud
10-Jun-2026 01:10:28.813 정보 [main] org.apache.catalina.startup.VersionLoggerListener.log 명령 행 아규먼트:  -Djava.io.tmpdir=C:\dev\workspace\java_crud\temp
10-Jun-2026 01:10:28.813 정보 [main] org.apache.catalina.startup.VersionLoggerListener.log 명령 행 아규먼트:  -Djava.util.logging.config.file=C:\dev\workspace\java_crud\conf\logging.properties
10-Jun-2026 01:10:28.813 정보 [main] org.apache.catalina.startup.VersionLoggerListener.log 명령 행 아규먼트:  -Djava.util.logging.manager=org.apache.juli.ClassLoaderLogManager
10-Jun-2026 01:10:28.813 정보 [main] org.apache.catalina.startup.VersionLoggerListener.log 명령 행 아규먼트:  -javaagent:C:\Program Files\JetBrains\IntelliJ IDEA 2025.3.2\lib\idea_rt.jar=62639
10-Jun-2026 01:10:28.813 정보 [main] org.apache.catalina.startup.VersionLoggerListener.log 명령 행 아규먼트:  -Dfile.encoding=UTF-8
10-Jun-2026 01:10:28.816 정보 [main] org.apache.catalina.core.AprLifecycleListener.lifecycleEvent APR 버전 [1.7.6]을(를) 사용한, APR 기반 Apache Tomcat Native 라이브러리 [1.3.7]을(를) 로드했습니다.
10-Jun-2026 01:10:28.816 정보 [main] org.apache.catalina.core.AprLifecycleListener.lifecycleEvent APR 용량정보들: IPv6 [true], sendfile [true], accept filters [false], random [true], UDS [true].
10-Jun-2026 01:10:28.816 정보 [main] org.apache.catalina.core.AprLifecycleListener.lifecycleEvent APR/OpenSSL 설정: useAprConnector [false], useOpenSSL [true]
10-Jun-2026 01:10:28.821 정보 [main] org.apache.catalina.core.AprLifecycleListener.initializeSSL OpenSSL이 성공적으로 초기화되었습니다: [OpenSSL 3.0.19 27 Jan 2026]
10-Jun-2026 01:10:28.953 정보 [main] org.apache.coyote.AbstractProtocol.init 프로토콜 핸들러 ["http-nio-8080"]을(를) 초기화합니다.
10-Jun-2026 01:10:28.962 정보 [main] org.apache.catalina.startup.Catalina.load [249] 밀리초 내에 서버가 초기화되었습니다.
10-Jun-2026 01:10:28.980 정보 [main] org.apache.catalina.core.StandardService.startInternal 서비스 [Catalina]을(를) 시작합니다.
10-Jun-2026 01:10:28.980 정보 [main] org.apache.catalina.core.StandardEngine.startInternal 서버 엔진을 시작합니다: [Apache Tomcat/9.0.118]
10-Jun-2026 01:10:28.984 정보 [main] org.apache.catalina.startup.HostConfig.deployDescriptor 배치 descriptor [C:\dev\workspace\java_crud\conf\Catalina\localhost\board#list.xml]을(를) 배치합니다.
10-Jun-2026 01:10:29.016 경고 [main] org.apache.catalina.webresources.DirResourceSet.initInternal Disabled the global canonical file name cache to protect against CVE-2024-56337 when starting the WebResourceSet at [C:\dev\workspace\java_crud\target\classes] which is part of the web application [/board/list]
10-Jun-2026 01:10:30.023 정보 [main] org.apache.jasper.servlet.TldScanner.scanJars 적어도 하나의 JAR가 TLD들을 찾기 위해 스캔되었으나 아무 것도 찾지 못했습니다. 스캔했으나 TLD가 없는 JAR들의 전체 목록을 보시려면, 로그 레벨을 디버그 레벨로 설정하십시오. 스캔 과정에서 불필요한 JAR들을 건너뛰면, 시스템 시작 시간과 JSP 컴파일 시간을 단축시킬 수 있습니다.
10-Jun-2026 01:10:31.222 정보 [main] org.apache.catalina.startup.HostConfig.deployDescriptor 배치 descriptor [C:\dev\workspace\java_crud\conf\Catalina\localhost\board#list.xml]의 배치가 [2,238] 밀리초 내에 완료되었습니다.
10-Jun-2026 01:10:31.226 정보 [main] org.apache.coyote.AbstractProtocol.start 프로토콜 핸들러 ["http-nio-8080"]을(를) 시작합니다.
10-Jun-2026 01:10:31.234 정보 [main] org.apache.catalina.startup.Catalina.start 서버가 [2271] 밀리초 내에 시작되었습니다.
10-Jun-2026 01:13:44.626 정보 [Thread-2] org.apache.coyote.AbstractProtocol.pause 프로토콜 핸들러 ["http-nio-8080"]을(를) 일시 정지 중
10-Jun-2026 01:13:44.679 정보 [Thread-2] org.apache.catalina.core.StandardService.stopInternal 서비스 [Catalina]을(를) 중지시킵니다.
10-Jun-2026 01:13:44.690 경고 [Thread-2] org.apache.catalina.loader.WebappClassLoaderBase.clearReferencesJdbc 웹 애플리케이션 [board#list]이(가) JDBC 드라이버 [org.mariadb.jdbc.Driver]을(를) 등록했지만, 웹 애플리케이션이 중지될 때, 해당 JDBC 드라이버의 등록을 제거하지 못했습니다. 메모리 누수를 방지하기 위하여, 등록을 강제로 제거했습니다.
10-Jun-2026 01:13:44.692 정보 [Thread-2] org.apache.coyote.AbstractProtocol.stop 프로토콜 핸들러 ["http-nio-8080"]을(를) 중지시킵니다.
10-Jun-2026 01:13:44.707 정보 [Thread-2] org.apache.coyote.AbstractProtocol.destroy 프로토콜 핸들러 ["http-nio-8080"]을(를) 소멸시킵니다.
10-Jun-2026 01:13:47.639 정보 [main] org.apache.catalina.startup.VersionLoggerListener.log 서버 버전 이름:    Apache Tomcat/9.0.118
10-Jun-2026 01:13:47.641 정보 [main] org.apache.catalina.startup.VersionLoggerListener.log Server 빌드 시각:  May 1 2026 19:30:30 UTC
10-Jun-2026 01:13:47.641 정보 [main] org.apache.catalina.startup.VersionLoggerListener.log Server 버전 번호:  9.0.118.0
10-Jun-2026 01:13:47.641 정보 [main] org.apache.catalina.startup.VersionLoggerListener.log 운영체제 이름:     Windows 11
10-Jun-2026 01:13:47.641 정보 [main] org.apache.catalina.startup.VersionLoggerListener.log 운영체제 버전:     10.0
10-Jun-2026 01:13:47.641 정보 [main] org.apache.catalina.startup.VersionLoggerListener.log 아키텍처:          amd64
10-Jun-2026 01:13:47.641 정보 [main] org.apache.catalina.startup.VersionLoggerListener.log 자바 홈:           C:\Users\User\.jdks\corretto-1.8.0_492\jre
10-Jun-2026 01:13:47.641 정보 [main] org.apache.catalina.startup.VersionLoggerListener.log JVM 버전:          1.8.0_492-b09
10-Jun-2026 01:13:47.641 정보 [main] org.apache.catalina.startup.VersionLoggerListener.log JVM 벤더:          Amazon.com Inc.
10-Jun-2026 01:13:47.641 정보 [main] org.apache.catalina.startup.VersionLoggerListener.log CATALINA_BASE:     C:\dev\workspace\java_crud
10-Jun-2026 01:13:47.641 정보 [main] org.apache.catalina.startup.VersionLoggerListener.log CATALINA_HOME:     C:\apache-tomcat-9.0.118
10-Jun-2026 01:13:47.642 정보 [main] org.apache.catalina.startup.VersionLoggerListener.log 명령 행 아규먼트:  -Dcatalina.home=C:\apache-tomcat-9.0.118
10-Jun-2026 01:13:47.642 정보 [main] org.apache.catalina.startup.VersionLoggerListener.log 명령 행 아규먼트:  -Dcatalina.base=C:\dev\workspace\java_crud
10-Jun-2026 01:13:47.642 정보 [main] org.apache.catalina.startup.VersionLoggerListener.log 명령 행 아규먼트:  -Djava.io.tmpdir=C:\dev\workspace\java_crud\temp
10-Jun-2026 01:13:47.642 정보 [main] org.apache.catalina.startup.VersionLoggerListener.log 명령 행 아규먼트:  -Djava.util.logging.config.file=C:\dev\workspace\java_crud\conf\logging.properties
10-Jun-2026 01:13:47.642 정보 [main] org.apache.catalina.startup.VersionLoggerListener.log 명령 행 아규먼트:  -Djava.util.logging.manager=org.apache.juli.ClassLoaderLogManager
10-Jun-2026 01:13:47.642 정보 [main] org.apache.catalina.startup.VersionLoggerListener.log 명령 행 아규먼트:  -javaagent:C:\Program Files\JetBrains\IntelliJ IDEA 2025.3.2\lib\idea_rt.jar=50450
10-Jun-2026 01:13:47.642 정보 [main] org.apache.catalina.startup.VersionLoggerListener.log 명령 행 아규먼트:  -Dfile.encoding=UTF-8
10-Jun-2026 01:13:47.647 정보 [main] org.apache.catalina.core.AprLifecycleListener.lifecycleEvent APR 버전 [1.7.6]을(를) 사용한, APR 기반 Apache Tomcat Native 라이브러리 [1.3.7]을(를) 로드했습니다.
10-Jun-2026 01:13:47.647 정보 [main] org.apache.catalina.core.AprLifecycleListener.lifecycleEvent APR 용량정보들: IPv6 [true], sendfile [true], accept filters [false], random [true], UDS [true].
10-Jun-2026 01:13:47.647 정보 [main] org.apache.catalina.core.AprLifecycleListener.lifecycleEvent APR/OpenSSL 설정: useAprConnector [false], useOpenSSL [true]
10-Jun-2026 01:13:47.652 정보 [main] org.apache.catalina.core.AprLifecycleListener.initializeSSL OpenSSL이 성공적으로 초기화되었습니다: [OpenSSL 3.0.19 27 Jan 2026]
10-Jun-2026 01:13:47.794 정보 [main] org.apache.coyote.AbstractProtocol.init 프로토콜 핸들러 ["http-nio-8080"]을(를) 초기화합니다.
10-Jun-2026 01:13:47.802 정보 [main] org.apache.catalina.startup.Catalina.load [266] 밀리초 내에 서버가 초기화되었습니다.
10-Jun-2026 01:13:47.823 정보 [main] org.apache.catalina.core.StandardService.startInternal 서비스 [Catalina]을(를) 시작합니다.
10-Jun-2026 01:13:47.824 정보 [main] org.apache.catalina.core.StandardEngine.startInternal 서버 엔진을 시작합니다: [Apache Tomcat/9.0.118]
10-Jun-2026 01:13:47.829 정보 [main] org.apache.catalina.startup.HostConfig.deployDescriptor 배치 descriptor [C:\dev\workspace\java_crud\conf\Catalina\localhost\board#list.xml]을(를) 배치합니다.
10-Jun-2026 01:13:47.857 경고 [main] org.apache.catalina.webresources.DirResourceSet.initInternal Disabled the global canonical file name cache to protect against CVE-2024-56337 when starting the WebResourceSet at [C:\dev\workspace\java_crud\target\classes] which is part of the web application [/board/list]
10-Jun-2026 01:13:48.857 정보 [main] org.apache.jasper.servlet.TldScanner.scanJars 적어도 하나의 JAR가 TLD들을 찾기 위해 스캔되었으나 아무 것도 찾지 못했습니다. 스캔했으나 TLD가 없는 JAR들의 전체 목록을 보시려면, 로그 레벨을 디버그 레벨로 설정하십시오. 스캔 과정에서 불필요한 JAR들을 건너뛰면, 시스템 시작 시간과 JSP 컴파일 시간을 단축시킬 수 있습니다.
10-Jun-2026 01:13:50.055 정보 [main] org.apache.catalina.startup.HostConfig.deployDescriptor 배치 descriptor [C:\dev\workspace\java_crud\conf\Catalina\localhost\board#list.xml]의 배치가 [2,225] 밀리초 내에 완료되었습니다.
10-Jun-2026 01:13:50.057 정보 [main] org.apache.coyote.AbstractProtocol.start 프로토콜 핸들러 ["http-nio-8080"]을(를) 시작합니다.
10-Jun-2026 01:13:50.066 정보 [main] org.apache.catalina.startup.Catalina.start 서버가 [2261] 밀리초 내에 시작되었습니다.
10-Jun-2026 01:14:10.419 정보 [Thread-2] org.apache.coyote.AbstractProtocol.pause 프로토콜 핸들러 ["http-nio-8080"]을(를) 일시 정지 중
10-Jun-2026 01:14:10.469 정보 [Thread-2] org.apache.catalina.core.StandardService.stopInternal 서비스 [Catalina]을(를) 중지시킵니다.
10-Jun-2026 01:14:10.477 경고 [Thread-2] org.apache.catalina.loader.WebappClassLoaderBase.clearReferencesJdbc 웹 애플리케이션 [board#list]이(가) JDBC 드라이버 [org.mariadb.jdbc.Driver]을(를) 등록했지만, 웹 애플리케이션이 중지될 때, 해당 JDBC 드라이버의 등록을 제거하지 못했습니다. 메모리 누수를 방지하기 위하여, 등록을 강제로 제거했습니다.
10-Jun-2026 01:14:10.479 정보 [Thread-2] org.apache.coyote.AbstractProtocol.stop 프로토콜 핸들러 ["http-nio-8080"]을(를) 중지시킵니다.
10-Jun-2026 01:14:10.497 정보 [Thread-2] org.apache.coyote.AbstractProtocol.destroy 프로토콜 핸들러 ["http-nio-8080"]을(를) 소멸시킵니다.
10-Jun-2026 01:14:26.157 정보 [main] org.apache.catalina.startup.VersionLoggerListener.log 서버 버전 이름:    Apache Tomcat/9.0.118
10-Jun-2026 01:14:26.159 정보 [main] org.apache.catalina.startup.VersionLoggerListener.log Server 빌드 시각:  May 1 2026 19:30:30 UTC
10-Jun-2026 01:14:26.159 정보 [main] org.apache.catalina.startup.VersionLoggerListener.log Server 버전 번호:  9.0.118.0
10-Jun-2026 01:14:26.159 정보 [main] org.apache.catalina.startup.VersionLoggerListener.log 운영체제 이름:     Windows 11
10-Jun-2026 01:14:26.159 정보 [main] org.apache.catalina.startup.VersionLoggerListener.log 운영체제 버전:     10.0
10-Jun-2026 01:14:26.159 정보 [main] org.apache.catalina.startup.VersionLoggerListener.log 아키텍처:          amd64
10-Jun-2026 01:14:26.159 정보 [main] org.apache.catalina.startup.VersionLoggerListener.log 자바 홈:           C:\Users\User\.jdks\corretto-1.8.0_492\jre
10-Jun-2026 01:14:26.159 정보 [main] org.apache.catalina.startup.VersionLoggerListener.log JVM 버전:          1.8.0_492-b09
10-Jun-2026 01:14:26.159 정보 [main] org.apache.catalina.startup.VersionLoggerListener.log JVM 벤더:          Amazon.com Inc.
10-Jun-2026 01:14:26.159 정보 [main] org.apache.catalina.startup.VersionLoggerListener.log CATALINA_BASE:     C:\dev\workspace\java_crud
10-Jun-2026 01:14:26.159 정보 [main] org.apache.catalina.startup.VersionLoggerListener.log CATALINA_HOME:     C:\apache-tomcat-9.0.118
10-Jun-2026 01:14:26.160 정보 [main] org.apache.catalina.startup.VersionLoggerListener.log 명령 행 아규먼트:  -Dcatalina.home=C:\apache-tomcat-9.0.118
10-Jun-2026 01:14:26.160 정보 [main] org.apache.catalina.startup.VersionLoggerListener.log 명령 행 아규먼트:  -Dcatalina.base=C:\dev\workspace\java_crud
10-Jun-2026 01:14:26.160 정보 [main] org.apache.catalina.startup.VersionLoggerListener.log 명령 행 아규먼트:  -Djava.io.tmpdir=C:\dev\workspace\java_crud\temp
10-Jun-2026 01:14:26.160 정보 [main] org.apache.catalina.startup.VersionLoggerListener.log 명령 행 아규먼트:  -Djava.util.logging.config.file=C:\dev\workspace\java_crud\conf\logging.properties
10-Jun-2026 01:14:26.160 정보 [main] org.apache.catalina.startup.VersionLoggerListener.log 명령 행 아규먼트:  -Djava.util.logging.manager=org.apache.juli.ClassLoaderLogManager
10-Jun-2026 01:14:26.161 정보 [main] org.apache.catalina.startup.VersionLoggerListener.log 명령 행 아규먼트:  -javaagent:C:\Program Files\JetBrains\IntelliJ IDEA 2025.3.2\lib\idea_rt.jar=65334
10-Jun-2026 01:14:26.161 정보 [main] org.apache.catalina.startup.VersionLoggerListener.log 명령 행 아규먼트:  -Dfile.encoding=UTF-8
10-Jun-2026 01:14:26.163 정보 [main] org.apache.catalina.core.AprLifecycleListener.lifecycleEvent APR 버전 [1.7.6]을(를) 사용한, APR 기반 Apache Tomcat Native 라이브러리 [1.3.7]을(를) 로드했습니다.
10-Jun-2026 01:14:26.163 정보 [main] org.apache.catalina.core.AprLifecycleListener.lifecycleEvent APR 용량정보들: IPv6 [true], sendfile [true], accept filters [false], random [true], UDS [true].
10-Jun-2026 01:14:26.163 정보 [main] org.apache.catalina.core.AprLifecycleListener.lifecycleEvent APR/OpenSSL 설정: useAprConnector [false], useOpenSSL [true]
10-Jun-2026 01:14:26.168 정보 [main] org.apache.catalina.core.AprLifecycleListener.initializeSSL OpenSSL이 성공적으로 초기화되었습니다: [OpenSSL 3.0.19 27 Jan 2026]
10-Jun-2026 01:14:26.300 정보 [main] org.apache.coyote.AbstractProtocol.init 프로토콜 핸들러 ["http-nio-8080"]을(를) 초기화합니다.
10-Jun-2026 01:14:26.308 정보 [main] org.apache.catalina.startup.Catalina.load [252] 밀리초 내에 서버가 초기화되었습니다.
10-Jun-2026 01:14:26.326 정보 [main] org.apache.catalina.core.StandardService.startInternal 서비스 [Catalina]을(를) 시작합니다.
10-Jun-2026 01:14:26.326 정보 [main] org.apache.catalina.core.StandardEngine.startInternal 서버 엔진을 시작합니다: [Apache Tomcat/9.0.118]
10-Jun-2026 01:14:26.332 정보 [main] org.apache.catalina.startup.HostConfig.deployDescriptor 배치 descriptor [C:\dev\workspace\java_crud\conf\Catalina\localhost\board#list.xml]을(를) 배치합니다.
10-Jun-2026 01:14:26.362 경고 [main] org.apache.catalina.webresources.DirResourceSet.initInternal Disabled the global canonical file name cache to protect against CVE-2024-56337 when starting the WebResourceSet at [C:\dev\workspace\java_crud\target\classes] which is part of the web application [/board/list]
10-Jun-2026 01:14:27.378 정보 [main] org.apache.jasper.servlet.TldScanner.scanJars 적어도 하나의 JAR가 TLD들을 찾기 위해 스캔되었으나 아무 것도 찾지 못했습니다. 스캔했으나 TLD가 없는 JAR들의 전체 목록을 보시려면, 로그 레벨을 디버그 레벨로 설정하십시오. 스캔 과정에서 불필요한 JAR들을 건너뛰면, 시스템 시작 시간과 JSP 컴파일 시간을 단축시킬 수 있습니다.
10-Jun-2026 01:14:28.682 정보 [main] org.apache.catalina.startup.HostConfig.deployDescriptor 배치 descriptor [C:\dev\workspace\java_crud\conf\Catalina\localhost\board#list.xml]의 배치가 [2,349] 밀리초 내에 완료되었습니다.
10-Jun-2026 01:14:28.685 정보 [main] org.apache.coyote.AbstractProtocol.start 프로토콜 핸들러 ["http-nio-8080"]을(를) 시작합니다.
10-Jun-2026 01:14:28.695 정보 [main] org.apache.catalina.startup.Catalina.start 서버가 [2385] 밀리초 내에 시작되었습니다.
10-Jun-2026 01:15:05.663 정보 [Thread-2] org.apache.coyote.AbstractProtocol.pause 프로토콜 핸들러 ["http-nio-8080"]을(를) 일시 정지 중
10-Jun-2026 01:15:05.708 정보 [Thread-2] org.apache.catalina.core.StandardService.stopInternal 서비스 [Catalina]을(를) 중지시킵니다.
10-Jun-2026 01:15:05.716 경고 [Thread-2] org.apache.catalina.loader.WebappClassLoaderBase.clearReferencesJdbc 웹 애플리케이션 [board#list]이(가) JDBC 드라이버 [org.mariadb.jdbc.Driver]을(를) 등록했지만, 웹 애플리케이션이 중지될 때, 해당 JDBC 드라이버의 등록을 제거하지 못했습니다. 메모리 누수를 방지하기 위하여, 등록을 강제로 제거했습니다.
10-Jun-2026 01:15:05.718 정보 [Thread-2] org.apache.coyote.AbstractProtocol.stop 프로토콜 핸들러 ["http-nio-8080"]을(를) 중지시킵니다.
10-Jun-2026 01:15:05.720 정보 [Thread-2] org.apache.coyote.AbstractProtocol.destroy 프로토콜 핸들러 ["http-nio-8080"]을(를) 소멸시킵니다.
10-Jun-2026 01:15:07.668 정보 [main] org.apache.catalina.startup.VersionLoggerListener.log 서버 버전 이름:    Apache Tomcat/9.0.118
10-Jun-2026 01:15:07.670 정보 [main] org.apache.catalina.startup.VersionLoggerListener.log Server 빌드 시각:  May 1 2026 19:30:30 UTC
10-Jun-2026 01:15:07.670 정보 [main] org.apache.catalina.startup.VersionLoggerListener.log Server 버전 번호:  9.0.118.0
10-Jun-2026 01:15:07.670 정보 [main] org.apache.catalina.startup.VersionLoggerListener.log 운영체제 이름:     Windows 11
10-Jun-2026 01:15:07.670 정보 [main] org.apache.catalina.startup.VersionLoggerListener.log 운영체제 버전:     10.0
10-Jun-2026 01:15:07.670 정보 [main] org.apache.catalina.startup.VersionLoggerListener.log 아키텍처:          amd64
10-Jun-2026 01:15:07.671 정보 [main] org.apache.catalina.startup.VersionLoggerListener.log 자바 홈:           C:\Users\User\.jdks\corretto-1.8.0_492\jre
10-Jun-2026 01:15:07.671 정보 [main] org.apache.catalina.startup.VersionLoggerListener.log JVM 버전:          1.8.0_492-b09
10-Jun-2026 01:15:07.671 정보 [main] org.apache.catalina.startup.VersionLoggerListener.log JVM 벤더:          Amazon.com Inc.
10-Jun-2026 01:15:07.671 정보 [main] org.apache.catalina.startup.VersionLoggerListener.log CATALINA_BASE:     C:\dev\workspace\java_crud
10-Jun-2026 01:15:07.671 정보 [main] org.apache.catalina.startup.VersionLoggerListener.log CATALINA_HOME:     C:\apache-tomcat-9.0.118
10-Jun-2026 01:15:07.672 정보 [main] org.apache.catalina.startup.VersionLoggerListener.log 명령 행 아규먼트:  -Dcatalina.home=C:\apache-tomcat-9.0.118
10-Jun-2026 01:15:07.672 정보 [main] org.apache.catalina.startup.VersionLoggerListener.log 명령 행 아규먼트:  -Dcatalina.base=C:\dev\workspace\java_crud
10-Jun-2026 01:15:07.672 정보 [main] org.apache.catalina.startup.VersionLoggerListener.log 명령 행 아규먼트:  -Djava.io.tmpdir=C:\dev\workspace\java_crud\temp
10-Jun-2026 01:15:07.672 정보 [main] org.apache.catalina.startup.VersionLoggerListener.log 명령 행 아규먼트:  -Djava.util.logging.config.file=C:\dev\workspace\java_crud\conf\logging.properties
10-Jun-2026 01:15:07.672 정보 [main] org.apache.catalina.startup.VersionLoggerListener.log 명령 행 아규먼트:  -Djava.util.logging.manager=org.apache.juli.ClassLoaderLogManager
10-Jun-2026 01:15:07.672 정보 [main] org.apache.catalina.startup.VersionLoggerListener.log 명령 행 아규먼트:  -javaagent:C:\Program Files\JetBrains\IntelliJ IDEA 2025.3.2\lib\idea_rt.jar=55422
10-Jun-2026 01:15:07.672 정보 [main] org.apache.catalina.startup.VersionLoggerListener.log 명령 행 아규먼트:  -Dfile.encoding=UTF-8
10-Jun-2026 01:15:07.675 정보 [main] org.apache.catalina.core.AprLifecycleListener.lifecycleEvent APR 버전 [1.7.6]을(를) 사용한, APR 기반 Apache Tomcat Native 라이브러리 [1.3.7]을(를) 로드했습니다.
10-Jun-2026 01:15:07.675 정보 [main] org.apache.catalina.core.AprLifecycleListener.lifecycleEvent APR 용량정보들: IPv6 [true], sendfile [true], accept filters [false], random [true], UDS [true].
10-Jun-2026 01:15:07.675 정보 [main] org.apache.catalina.core.AprLifecycleListener.lifecycleEvent APR/OpenSSL 설정: useAprConnector [false], useOpenSSL [true]
10-Jun-2026 01:15:07.679 정보 [main] org.apache.catalina.core.AprLifecycleListener.initializeSSL OpenSSL이 성공적으로 초기화되었습니다: [OpenSSL 3.0.19 27 Jan 2026]
10-Jun-2026 01:15:07.816 정보 [main] org.apache.coyote.AbstractProtocol.init 프로토콜 핸들러 ["http-nio-8080"]을(를) 초기화합니다.
10-Jun-2026 01:15:07.824 정보 [main] org.apache.catalina.startup.Catalina.load [257] 밀리초 내에 서버가 초기화되었습니다.
10-Jun-2026 01:15:07.843 정보 [main] org.apache.catalina.core.StandardService.startInternal 서비스 [Catalina]을(를) 시작합니다.
10-Jun-2026 01:15:07.843 정보 [main] org.apache.catalina.core.StandardEngine.startInternal 서버 엔진을 시작합니다: [Apache Tomcat/9.0.118]
10-Jun-2026 01:15:07.849 정보 [main] org.apache.catalina.startup.HostConfig.deployDescriptor 배치 descriptor [C:\dev\workspace\java_crud\conf\Catalina\localhost\ROOT.xml]을(를) 배치합니다.
10-Jun-2026 01:15:07.876 경고 [main] org.apache.catalina.webresources.DirResourceSet.initInternal Disabled the global canonical file name cache to protect against CVE-2024-56337 when starting the WebResourceSet at [C:\dev\workspace\java_crud\target\classes] which is part of the web application []
10-Jun-2026 01:15:08.875 정보 [main] org.apache.jasper.servlet.TldScanner.scanJars 적어도 하나의 JAR가 TLD들을 찾기 위해 스캔되었으나 아무 것도 찾지 못했습니다. 스캔했으나 TLD가 없는 JAR들의 전체 목록을 보시려면, 로그 레벨을 디버그 레벨로 설정하십시오. 스캔 과정에서 불필요한 JAR들을 건너뛰면, 시스템 시작 시간과 JSP 컴파일 시간을 단축시킬 수 있습니다.
10-Jun-2026 01:15:10.081 정보 [main] org.apache.catalina.startup.HostConfig.deployDescriptor 배치 descriptor [C:\dev\workspace\java_crud\conf\Catalina\localhost\ROOT.xml]의 배치가 [2,231] 밀리초 내에 완료되었습니다.
10-Jun-2026 01:15:10.083 정보 [main] org.apache.coyote.AbstractProtocol.start 프로토콜 핸들러 ["http-nio-8080"]을(를) 시작합니다.
10-Jun-2026 01:15:10.092 정보 [main] org.apache.catalina.startup.Catalina.start 서버가 [2267] 밀리초 내에 시작되었습니다.
10-Jun-2026 01:17:53.186 정보 [Thread-2] org.apache.coyote.AbstractProtocol.pause 프로토콜 핸들러 ["http-nio-8080"]을(를) 일시 정지 중
10-Jun-2026 01:17:53.230 정보 [Thread-2] org.apache.catalina.core.StandardService.stopInternal 서비스 [Catalina]을(를) 중지시킵니다.
10-Jun-2026 01:17:53.240 경고 [Thread-2] org.apache.catalina.loader.WebappClassLoaderBase.clearReferencesJdbc 웹 애플리케이션 [ROOT]이(가) JDBC 드라이버 [org.mariadb.jdbc.Driver]을(를) 등록했지만, 웹 애플리케이션이 중지될 때, 해당 JDBC 드라이버의 등록을 제거하지 못했습니다. 메모리 누수를 방지하기 위하여, 등록을 강제로 제거했습니다.
10-Jun-2026 01:17:53.242 정보 [Thread-2] org.apache.coyote.AbstractProtocol.stop 프로토콜 핸들러 ["http-nio-8080"]을(를) 중지시킵니다.
10-Jun-2026 01:17:53.259 정보 [Thread-2] org.apache.coyote.AbstractProtocol.destroy 프로토콜 핸들러 ["http-nio-8080"]을(를) 소멸시킵니다.
