15-Jun-2026 00:06:38.477 정보 [Thread-2] org.apache.coyote.AbstractProtocol.pause 프로토콜 핸들러 ["http-nio-8080"]을(를) 일시 정지 중
15-Jun-2026 00:06:38.525 정보 [Thread-2] org.apache.catalina.core.StandardService.stopInternal 서비스 [Catalina]을(를) 중지시킵니다.
15-Jun-2026 00:06:38.536 경고 [Thread-2] org.apache.catalina.loader.WebappClassLoaderBase.clearReferencesJdbc 웹 애플리케이션 [ROOT]이(가) JDBC 드라이버 [org.mariadb.jdbc.Driver]을(를) 등록했지만, 웹 애플리케이션이 중지될 때, 해당 JDBC 드라이버의 등록을 제거하지 못했습니다. 메모리 누수를 방지하기 위하여, 등록을 강제로 제거했습니다.
15-Jun-2026 00:06:38.538 정보 [Thread-2] org.apache.coyote.AbstractProtocol.stop 프로토콜 핸들러 ["http-nio-8080"]을(를) 중지시킵니다.
15-Jun-2026 00:06:38.546 정보 [Thread-2] org.apache.coyote.AbstractProtocol.destroy 프로토콜 핸들러 ["http-nio-8080"]을(를) 소멸시킵니다.
15-Jun-2026 00:06:46.831 정보 [main] org.apache.catalina.startup.VersionLoggerListener.log 서버 버전 이름:    Apache Tomcat/9.0.118
15-Jun-2026 00:06:46.833 정보 [main] org.apache.catalina.startup.VersionLoggerListener.log Server 빌드 시각:  May 1 2026 19:30:30 UTC
15-Jun-2026 00:06:46.833 정보 [main] org.apache.catalina.startup.VersionLoggerListener.log Server 버전 번호:  9.0.118.0
15-Jun-2026 00:06:46.833 정보 [main] org.apache.catalina.startup.VersionLoggerListener.log 운영체제 이름:     Windows 11
15-Jun-2026 00:06:46.833 정보 [main] org.apache.catalina.startup.VersionLoggerListener.log 운영체제 버전:     10.0
15-Jun-2026 00:06:46.833 정보 [main] org.apache.catalina.startup.VersionLoggerListener.log 아키텍처:          amd64
15-Jun-2026 00:06:46.833 정보 [main] org.apache.catalina.startup.VersionLoggerListener.log 자바 홈:           C:\Users\User\.jdks\corretto-1.8.0_492\jre
15-Jun-2026 00:06:46.833 정보 [main] org.apache.catalina.startup.VersionLoggerListener.log JVM 버전:          1.8.0_492-b09
15-Jun-2026 00:06:46.833 정보 [main] org.apache.catalina.startup.VersionLoggerListener.log JVM 벤더:          Amazon.com Inc.
15-Jun-2026 00:06:46.833 정보 [main] org.apache.catalina.startup.VersionLoggerListener.log CATALINA_BASE:     C:\dev\workspace\java_crud
15-Jun-2026 00:06:46.833 정보 [main] org.apache.catalina.startup.VersionLoggerListener.log CATALINA_HOME:     C:\apache-tomcat-9.0.118
15-Jun-2026 00:06:46.834 정보 [main] org.apache.catalina.startup.VersionLoggerListener.log 명령 행 아규먼트:  -Dcatalina.home=C:\apache-tomcat-9.0.118
15-Jun-2026 00:06:46.834 정보 [main] org.apache.catalina.startup.VersionLoggerListener.log 명령 행 아규먼트:  -Dcatalina.base=C:\dev\workspace\java_crud
15-Jun-2026 00:06:46.834 정보 [main] org.apache.catalina.startup.VersionLoggerListener.log 명령 행 아규먼트:  -Djava.io.tmpdir=C:\dev\workspace\java_crud\temp
15-Jun-2026 00:06:46.834 정보 [main] org.apache.catalina.startup.VersionLoggerListener.log 명령 행 아규먼트:  -Djava.util.logging.config.file=C:\dev\workspace\java_crud\conf\logging.properties
15-Jun-2026 00:06:46.834 정보 [main] org.apache.catalina.startup.VersionLoggerListener.log 명령 행 아규먼트:  -Djava.util.logging.manager=org.apache.juli.ClassLoaderLogManager
15-Jun-2026 00:06:46.834 정보 [main] org.apache.catalina.startup.VersionLoggerListener.log 명령 행 아규먼트:  -javaagent:C:\Program Files\JetBrains\IntelliJ IDEA 2025.3.2\lib\idea_rt.jar=51361
15-Jun-2026 00:06:46.834 정보 [main] org.apache.catalina.startup.VersionLoggerListener.log 명령 행 아규먼트:  -Dfile.encoding=UTF-8
15-Jun-2026 00:06:46.838 정보 [main] org.apache.catalina.core.AprLifecycleListener.lifecycleEvent APR 버전 [1.7.6]을(를) 사용한, APR 기반 Apache Tomcat Native 라이브러리 [1.3.7]을(를) 로드했습니다.
15-Jun-2026 00:06:46.838 정보 [main] org.apache.catalina.core.AprLifecycleListener.lifecycleEvent APR 용량정보들: IPv6 [true], sendfile [true], accept filters [false], random [true], UDS [true].
15-Jun-2026 00:06:46.838 정보 [main] org.apache.catalina.core.AprLifecycleListener.lifecycleEvent APR/OpenSSL 설정: useAprConnector [false], useOpenSSL [true]
15-Jun-2026 00:06:46.841 정보 [main] org.apache.catalina.core.AprLifecycleListener.initializeSSL OpenSSL이 성공적으로 초기화되었습니다: [OpenSSL 3.0.19 27 Jan 2026]
15-Jun-2026 00:06:46.971 정보 [main] org.apache.coyote.AbstractProtocol.init 프로토콜 핸들러 ["http-nio-8080"]을(를) 초기화합니다.
15-Jun-2026 00:06:46.979 정보 [main] org.apache.catalina.startup.Catalina.load [244] 밀리초 내에 서버가 초기화되었습니다.
15-Jun-2026 00:06:46.998 정보 [main] org.apache.catalina.core.StandardService.startInternal 서비스 [Catalina]을(를) 시작합니다.
15-Jun-2026 00:06:46.998 정보 [main] org.apache.catalina.core.StandardEngine.startInternal 서버 엔진을 시작합니다: [Apache Tomcat/9.0.118]
15-Jun-2026 00:06:47.003 정보 [main] org.apache.catalina.startup.HostConfig.deployDescriptor 배치 descriptor [C:\dev\workspace\java_crud\conf\Catalina\localhost\ROOT.xml]을(를) 배치합니다.
15-Jun-2026 00:06:47.032 경고 [main] org.apache.catalina.webresources.DirResourceSet.initInternal Disabled the global canonical file name cache to protect against CVE-2024-56337 when starting the WebResourceSet at [C:\dev\workspace\java_crud\target\classes] which is part of the web application []
15-Jun-2026 00:06:48.043 정보 [main] org.apache.jasper.servlet.TldScanner.scanJars 적어도 하나의 JAR가 TLD들을 찾기 위해 스캔되었으나 아무 것도 찾지 못했습니다. 스캔했으나 TLD가 없는 JAR들의 전체 목록을 보시려면, 로그 레벨을 디버그 레벨로 설정하십시오. 스캔 과정에서 불필요한 JAR들을 건너뛰면, 시스템 시작 시간과 JSP 컴파일 시간을 단축시킬 수 있습니다.
15-Jun-2026 00:06:49.264 정보 [main] org.apache.catalina.startup.HostConfig.deployDescriptor 배치 descriptor [C:\dev\workspace\java_crud\conf\Catalina\localhost\ROOT.xml]의 배치가 [2,260] 밀리초 내에 완료되었습니다.
15-Jun-2026 00:06:49.266 정보 [main] org.apache.coyote.AbstractProtocol.start 프로토콜 핸들러 ["http-nio-8080"]을(를) 시작합니다.
15-Jun-2026 00:06:49.274 정보 [main] org.apache.catalina.startup.Catalina.start 서버가 [2294] 밀리초 내에 시작되었습니다.
15-Jun-2026 00:10:05.970 정보 [Thread-2] org.apache.coyote.AbstractProtocol.pause 프로토콜 핸들러 ["http-nio-8080"]을(를) 일시 정지 중
15-Jun-2026 00:10:06.015 정보 [Thread-2] org.apache.catalina.core.StandardService.stopInternal 서비스 [Catalina]을(를) 중지시킵니다.
15-Jun-2026 00:10:06.025 경고 [Thread-2] org.apache.catalina.loader.WebappClassLoaderBase.clearReferencesJdbc 웹 애플리케이션 [ROOT]이(가) JDBC 드라이버 [org.mariadb.jdbc.Driver]을(를) 등록했지만, 웹 애플리케이션이 중지될 때, 해당 JDBC 드라이버의 등록을 제거하지 못했습니다. 메모리 누수를 방지하기 위하여, 등록을 강제로 제거했습니다.
15-Jun-2026 00:10:06.027 정보 [Thread-2] org.apache.coyote.AbstractProtocol.stop 프로토콜 핸들러 ["http-nio-8080"]을(를) 중지시킵니다.
15-Jun-2026 00:10:06.042 정보 [Thread-2] org.apache.coyote.AbstractProtocol.destroy 프로토콜 핸들러 ["http-nio-8080"]을(를) 소멸시킵니다.
